// Jest Snapshot v1, https://goo.gl/fbAQLP

exports[`Emoji picker should render component 1`] = `
<div
  className="emoji-picker"
>
  <span
    aria-label="Document"
    className="emoji-item"
    key="1"
    onClick={[MockFunction]}
    role="img"
  >
    📝
  </span>
  <span
    aria-label="Bed"
    className="emoji-item"
    key="2"
    onClick={[MockFunction]}
    role="img"
  >
    🛌
  </span>
  <span
    aria-label="Time"
    className="emoji-item"
    key="3"
    onClick={[MockFunction]}
    role="img"
  >
    ⌚
  </span>
  <span
    aria-label="Knife"
    className="emoji-item"
    key="4"
    onClick={[MockFunction]}
    role="img"
  >
    🔪
  </span>
  <span
    aria-label="Bomb"
    className="emoji-item"
    key="5"
    onClick={[MockFunction]}
    role="img"
  >
    💣
  </span>
  <span
    aria-label="Holiday"
    className="emoji-item"
    key="6"
    onClick={[MockFunction]}
    role="img"
  >
    🎉
  </span>
  <span
    aria-label="Gift"
    className="emoji-item"
    key="7"
    onClick={[MockFunction]}
    role="img"
  >
    🎁
  </span>
  <span
    aria-label="Phone"
    className="emoji-item"
    key="8"
    onClick={[MockFunction]}
    role="img"
  >
    📞
  </span>
  <span
    aria-label="Money"
    className="emoji-item"
    key="9"
    onClick={[MockFunction]}
    role="img"
  >
    💰
  </span>
  <span
    aria-label="Shop cart"
    className="emoji-item"
    key="10"
    onClick={[MockFunction]}
    role="img"
  >
    🛒
  </span>
</div>
`;
